// Jest Snapshot v1, https://goo.gl/fbAQLP

exports[`<Modal /> 1. should render the reading 1`] = `
.c0 {
  display: -webkit-box;
  display: -webkit-flex;
  display: -ms-flexbox;
  display: flex;
}

.c1 {
  width: 100%;
  height: 100%;
  top: 0;
  bottom: 0;
  position: fixed;
  display: -webkit-box;
  display: -webkit-flex;
  display: -ms-flexbox;
  display: flex;
  -webkit-box-pack: center;
  -webkit-justify-content: center;
  -ms-flex-pack: center;
  justify-content: center;
  z-index: 40;
  background: rgba(0,0,0,0.25);
}

.c2 {
  -webkit-flex-direction: column;
  -ms-flex-direction: column;
  flex-direction: column;
  position: relative;
  min-width: 400px;
  margin-left: 24px;
  margin-right: 24px;
  padding: 24px;
  border-radius: 8px;
  background-color: white;
}

<div
  class="c0 c1"
>
  <div
    class="c0 c2"
  >
    Modal
  </div>
</div>
`;
