// Jest Snapshot v1, https://goo.gl/fbAQLP

exports[`<Header /> 1. should render the reading 1`] = `
.c0 {
  width: 100%;
  height: 10rem;
  display: -webkit-box;
  display: -webkit-flex;
  display: -ms-flexbox;
  display: flex;
  -webkit-box-pack: center;
  -webkit-justify-content: center;
  -ms-flex-pack: center;
  justify-content: center;
  -webkit-align-items: center;
  -webkit-box-align: center;
  -ms-flex-align: center;
  align-items: center;
  background-color: #06092B;
  color: #FAFAFA;
  font-size: 2.8rem;
}

<header
  class="c0"
>
  <h1>
    Header
  </h1>
</header>
`;
