// Jest Snapshot v1, https://goo.gl/fbAQLP

exports[`<UsersList /> 1. should render the list of users 1`] = `
.c0 {
  display: -webkit-box;
  display: -webkit-flex;
  display: -ms-flexbox;
  display: flex;
  padding-left: 10px;
  padding-right: 10px;
  -webkit-flex-direction: column;
  -ms-flex-direction: column;
  flex-direction: column;
  -webkit-align-items: center;
  -webkit-box-align: center;
  -ms-flex-align: center;
  align-items: center;
  -webkit-flex-direction: column;
  -ms-flex-direction: column;
  flex-direction: column;
  -webkit-align-items: center;
  -webkit-box-align: center;
  -ms-flex-align: center;
  align-items: center;
}

.c1 {
  display: -webkit-box;
  display: -webkit-flex;
  display: -ms-flexbox;
  display: flex;
  gap: 1rem;
  cursor: pointer;
  padding: 10px;
  margin-top: 5px;
  margin-bottom: 5px;
  -webkit-box-pack: center;
  -webkit-justify-content: center;
  -ms-flex-pack: center;
  justify-content: center;
  -webkit-align-items: center;
  -webkit-box-align: center;
  -ms-flex-align: center;
  align-items: center;
  -webkit-flex-wrap: wrap;
  -ms-flex-wrap: wrap;
  flex-wrap: wrap;
  width: 80%;
  min-width: 32rem;
  background-color: #3CD3C1;
  border-radius: 8px;
  -webkit-box-pack: center;
  -webkit-justify-content: center;
  -ms-flex-pack: center;
  justify-content: center;
  -webkit-align-items: center;
  -webkit-box-align: center;
  -ms-flex-align: center;
  align-items: center;
  -webkit-flex-wrap: wrap;
  -ms-flex-wrap: wrap;
  flex-wrap: wrap;
}

.c2 {
  display: -webkit-box;
  display: -webkit-flex;
  display: -ms-flexbox;
  display: flex;
  -webkit-align-items: center;
  -webkit-box-align: center;
  -ms-flex-align: center;
  align-items: center;
  -webkit-box-pack: center;
  -webkit-justify-content: center;
  -ms-flex-pack: center;
  justify-content: center;
  -webkit-flex: 1;
  -ms-flex: 1;
  flex: 1;
  -webkit-align-items: center;
  -webkit-box-align: center;
  -ms-flex-align: center;
  align-items: center;
  -webkit-box-pack: center;
  -webkit-justify-content: center;
  -ms-flex-pack: center;
  justify-content: center;
  -webkit-flex: 1;
  -ms-flex: 1;
  flex: 1;
}

.c6 {
  display: -webkit-box;
  display: -webkit-flex;
  display: -ms-flexbox;
  display: flex;
  gap: 4rem;
  -webkit-flex-wrap: wrap;
  -ms-flex-wrap: wrap;
  flex-wrap: wrap;
  -webkit-box-pack: center;
  -webkit-justify-content: center;
  -ms-flex-pack: center;
  justify-content: center;
  -webkit-flex-wrap: wrap;
  -ms-flex-wrap: wrap;
  flex-wrap: wrap;
  -webkit-box-pack: center;
  -webkit-justify-content: center;
  -ms-flex-pack: center;
  justify-content: center;
}

.c5 {
  font-family: Poppins,-apple-system,BlinkMacSystemFont,'Segoe UI',Roboto,Oxygen,Ubuntu,Cantarell,'Open Sans','Helvetica Neue',sans-serif;
  font-size: 2.0rem;
  margin-left: 30px;
}

.c7 {
  font-family: Poppins,-apple-system,BlinkMacSystemFont,'Segoe UI',Roboto,Oxygen,Ubuntu,Cantarell,'Open Sans','Helvetica Neue',sans-serif;
  font-size: 1.6rem;
}

.c8 {
  font-family: Poppins,-apple-system,BlinkMacSystemFont,'Segoe UI',Roboto,Oxygen,Ubuntu,Cantarell,'Open Sans','Helvetica Neue',sans-serif;
  font-size: 1.4rem;
}

.c3 {
  width: 10rem12rem8rem;
  height: 10rem12rem8rem;
  width: 10rem;
  height: 10rem;
  border-radius: 10rem;
  overflow: hidden;
}

.c4 {
  width: 100%;
  height: 100%;
}

@media screen and (min-width:40em) {
  .c2 {
    -webkit-box-pack: start;
    -webkit-justify-content: flex-start;
    -ms-flex-pack: start;
    justify-content: flex-start;
  }
}

@media screen and (min-width:52em) {
  .c2 {
    -webkit-box-pack: start;
    -webkit-justify-content: flex-start;
    -ms-flex-pack: start;
    justify-content: flex-start;
  }
}

@media screen and (min-width:40em) {
  .c2 {
    -webkit-box-pack: start;
    -webkit-justify-content: flex-start;
    -ms-flex-pack: start;
    justify-content: flex-start;
  }
}

@media screen and (min-width:52em) {
  .c2 {
    -webkit-box-pack: start;
    -webkit-justify-content: flex-start;
    -ms-flex-pack: start;
    justify-content: flex-start;
  }
}

@media screen and (min-width:40em) {
  .c6 {
    gap: 3rem;
  }
}

@media screen and (min-width:52em) {
  .c6 {
    gap: 5rem;
  }
}

@media screen and (min-width:40em) {
  .c5 {
    margin-left: 20px;
  }
}

@media screen and (min-width:52em) {
  .c5 {
    margin-left: 20px;
  }
}

@media screen and (min-width:40em) {
  .c3 {
    width: 12rem;
    height: 12rem;
  }
}

@media screen and (min-width:52em) {
  .c3 {
    width: 8rem;
    height: 8rem;
  }
}

<div
  class="c0"
  data-testid="listUsers"
>
  <a
    class="c1"
    cursor="pointer"
    width="80%"
  >
    <div
      class="c2"
    >
      <figure
        class="c3"
        height="10rem,12rem,8rem"
        width="10rem,12rem,8rem"
      >
        <img
          alt="alt"
          class="c4"
          src="https://randomuser.me/api/portraits/men/75.jpg"
        />
      </figure>
      <h2
        class="c5"
      >
        Jennie
      </h2>
    </div>
    <div
      class="c6"
    >
      <subtitle
        class="c7"
      >
        United States
      </subtitle>
      <body
        class="c8"
      >
        jennie.nichols@example.com
      </body>
    </div>
  </a>
  <a
    class="c1"
    cursor="pointer"
    width="80%"
  >
    <div
      class="c2"
    >
      <figure
        class="c3"
        height="10rem,12rem,8rem"
        width="10rem,12rem,8rem"
      >
        <img
          alt="alt"
          class="c4"
          src="https://randomuser.me/api/portraits/women/2.jpg"
        />
      </figure>
      <h2
        class="c5"
      >
        Ruby
      </h2>
    </div>
    <div
      class="c6"
    >
      <subtitle
        class="c7"
      >
        New Zealand
      </subtitle>
      <body
        class="c8"
      >
        ruby.jones@example.com
      </body>
    </div>
  </a>
</div>
`;
