// Jest Snapshot v1, https://goo.gl/fbAQLP

exports[`<Pagination /> 1. should render the pagination component with the correct props 1`] = `
.c0 {
  display: -webkit-box;
  display: -webkit-flex;
  display: -ms-flexbox;
  display: flex;
  padding-top: 10px;
  padding-bottom: 10px;
  -webkit-box-pack: center;
  -webkit-justify-content: center;
  -ms-flex-pack: center;
  justify-content: center;
  -webkit-align-content: center;
  -ms-flex-line-pack: center;
  align-content: center;
  -webkit-box-pack: center;
  -webkit-justify-content: center;
  -ms-flex-pack: center;
  justify-content: center;
  -webkit-align-content: center;
  -ms-flex-line-pack: center;
  align-content: center;
}

.c2 {
  color: black;
  font-family: Poppins,-apple-system,BlinkMacSystemFont,'Segoe UI',Roboto,Oxygen,Ubuntu,Cantarell,'Open Sans','Helvetica Neue',sans-serif;
  font-size: 1.8rem;
}

.c1 {
  width: 2rem;
  border: 0;
  background: transparent;
  cursor: pointer;
}

.c1:disabled {
  cursor: auto;
  width: 3rem;
}

<div
  class="c0"
  data-testid="pagination"
>
  <button
    class="c1"
    disabled=""
  >
    <h3
      class="c2"
      color="black"
    >
      1
    </h3>
  </button>
  <button
    class="c1"
    data-testid="next-page"
  >
    <svg
      fill="currentColor"
      height="1em"
      stroke="currentColor"
      stroke-width="0"
      viewBox="0 0 24 24"
      width="1em"
      xmlns="http://www.w3.org/2000/svg"
    >
      <polyline
        fill="none"
        points="7 2 17 12 7 22"
        stroke="#000"
        stroke-width="2"
      />
    </svg>
  </button>
</div>
`;
